../app/ble/ble_app.c:35:6:ble_app_start	16	static
../app/ble/ble_app.c:75:6:ble_app_stop	8	static
../app/ble/ble_app.c:98:8:ble_app_get_handle	4	static
../app/ble/ble_app.c:106:17:ble_app_get_instance	4	static
../app/ble/ble_app.c:115:6:ble_app_send	16	static
../app/ble/ble_app.c:129:6:ble_app_set_device_name	160	static
../app/ble/ble_app.c:150:6:ble_app_get_device_name	296	static
../app/ble/ble_app.c:178:6:ble_app_set_uart_baudrate	96	static
../app/ble/ble_app.c:199:6:ble_app_start_advertising	32	static
../app/ble/ble_app.c:218:6:ble_app_disconnect	32	static
../app/ble/ble_app.c:241:18:ble_app_get_conn_state	8	static
../app/ble/ble_app.c:249:6:ble_app_set_conn_state	16	static
../app/ble/ble_app.c:264:12:ble_app_get_mode	8	static
../app/ble/ble_app.c:281:13:ble_evt_handler	16	static
