../Drivers/STM32F4xx_HAL_Driver/Src/stm32f4xx_hal_rcc.c:206:26:HAL_RCC_DeInit	4	static
../Drivers/STM32F4xx_HAL_Driver/Src/stm32f4xx_hal_rcc.c:223:1:HAL_RCC_OscConfig	32	static
../Drivers/STM32F4xx_HAL_Driver/Src/stm32f4xx_hal_rcc.c:566:1:HAL_RCC_ClockConfig	24	static
../Drivers/STM32F4xx_HAL_Driver/Src/stm32f4xx_hal_rcc.c:747:6:HAL_RCC_MCOConfig	56	static
../Drivers/STM32F4xx_HAL_Driver/Src/stm32f4xx_hal_rcc.c:815:6:HAL_RCC_EnableCSS	4	static
../Drivers/STM32F4xx_HAL_Driver/Src/stm32f4xx_hal_rcc.c:823:6:HAL_RCC_DisableCSS	4	static
../Drivers/STM32F4xx_HAL_Driver/Src/stm32f4xx_hal_rcc.c:861:17:HAL_RCC_GetSysClockFreq	96	static
../Drivers/STM32F4xx_HAL_Driver/Src/stm32f4xx_hal_rcc.c:921:10:HAL_RCC_GetHCLKFreq	4	static
../Drivers/STM32F4xx_HAL_Driver/Src/stm32f4xx_hal_rcc.c:930:10:HAL_RCC_GetPCLK1Freq	8	static
../Drivers/STM32F4xx_HAL_Driver/Src/stm32f4xx_hal_rcc.c:943:10:HAL_RCC_GetPCLK2Freq	8	static
../Drivers/STM32F4xx_HAL_Driver/Src/stm32f4xx_hal_rcc.c:956:13:HAL_RCC_GetOscConfig	16	static
../Drivers/STM32F4xx_HAL_Driver/Src/stm32f4xx_hal_rcc.c:1024:6:HAL_RCC_GetClockConfig	16	static
../Drivers/STM32F4xx_HAL_Driver/Src/stm32f4xx_hal_rcc.c:1052:6:HAL_RCC_NMI_IRQHandler	8	static
../Drivers/STM32F4xx_HAL_Driver/Src/stm32f4xx_hal_rcc.c:1067:13:HAL_RCC_CSSCallback	4	static
