../Drivers/STM32F4xx_HAL_Driver/Src/stm32f4xx_hal_flash.c:163:19:HAL_FLASH_Program	32	static
../Drivers/STM32F4xx_HAL_Driver/Src/stm32f4xx_hal_flash.c:215:19:HAL_FLASH_Program_IT	32	static
../Drivers/STM32F4xx_HAL_Driver/Src/stm32f4xx_hal_flash.c:252:6:HAL_FLASH_IRQHandler	16	static
../Drivers/STM32F4xx_HAL_Driver/Src/stm32f4xx_hal_flash.c:358:13:HAL_FLASH_EndOfOperationCallback	16	static
../Drivers/STM32F4xx_HAL_Driver/Src/stm32f4xx_hal_flash.c:375:13:HAL_FLASH_OperationErrorCallback	16	static
../Drivers/STM32F4xx_HAL_Driver/Src/stm32f4xx_hal_flash.c:407:19:HAL_FLASH_Unlock	16	static
../Drivers/STM32F4xx_HAL_Driver/Src/stm32f4xx_hal_flash.c:428:19:HAL_FLASH_Lock	4	static
../Drivers/STM32F4xx_HAL_Driver/Src/stm32f4xx_hal_flash.c:439:19:HAL_FLASH_OB_Unlock	4	static
../Drivers/STM32F4xx_HAL_Driver/Src/stm32f4xx_hal_flash.c:455:19:HAL_FLASH_OB_Lock	4	static
../Drivers/STM32F4xx_HAL_Driver/Src/stm32f4xx_hal_flash.c:466:19:HAL_FLASH_OB_Launch	8	static
../Drivers/STM32F4xx_HAL_Driver/Src/stm32f4xx_hal_flash.c:503:10:HAL_FLASH_GetError	4	static
../Drivers/STM32F4xx_HAL_Driver/Src/stm32f4xx_hal_flash.c:514:19:FLASH_WaitForLastOperation	24	static
../Drivers/STM32F4xx_HAL_Driver/Src/stm32f4xx_hal_flash.c:570:13:FLASH_Program_DoubleWord	24	static,ignoring_inline_asm
../Drivers/STM32F4xx_HAL_Driver/Src/stm32f4xx_hal_flash.c:602:13:FLASH_Program_Word	16	static
../Drivers/STM32F4xx_HAL_Driver/Src/stm32f4xx_hal_flash.c:626:13:FLASH_Program_HalfWord	16	static
../Drivers/STM32F4xx_HAL_Driver/Src/stm32f4xx_hal_flash.c:650:13:FLASH_Program_Byte	16	static
../Drivers/STM32F4xx_HAL_Driver/Src/stm32f4xx_hal_flash.c:666:13:FLASH_SetErrorCode	4	static
