../app/lora/lora_app.c:89:13:lora_overall_init_complete	24	static
../app/lora/lora_app.c:121:13:lora_init_command_callback	48	static
../app/lora/lora_app.c:200:13:lora_init_p2p_base_async	32	static
../app/lora/lora_app.c:236:13:lora_init_p2p_rover_async	32	static
../app/lora/lora_app.c:278:13:lora_parse_at_response	16	static
../app/lora/lora_app.c:301:13:rtcm_reassembly_reset	16	static
../app/lora/lora_app.c:320:13:rtcm_reassembly_process	56	static
../app/lora/lora_app.c:433:13:lora_parse_p2p_recv	40	static
../app/lora/lora_app.c:499:13:lora_tx_task	416	static
../app/lora/lora_app.c:659:13:lora_process_task	328	static
../app/lora/lora_app.c:946:6:lora_instance_init	24	static
../app/lora/lora_app.c:1012:6:lora_send_command_sync	336	static
../app/lora/lora_app.c:1074:6:lora_send_command_async	328	static
../app/lora/lora_app.c:1127:6:lora_set_work_mode	80	static
../app/lora/lora_app.c:1134:6:lora_set_p2p_config	176	static
../app/lora/lora_app.c:1144:6:lora_set_p2p_transfer_mode	80	static
../app/lora/lora_app.c:1151:6:lora_send_p2p_data	528	static
../app/lora/lora_app.c:1164:6:lora_send_p2p_raw	1168	static
../app/lora/lora_app.c:1214:6:lora_send_p2p_raw_async	656	static
../app/lora/lora_app.c:1273:6:lora_set_p2p_recv_callback	16	static
../app/lora/lora_app.c:1279:9:lora_get_handle	4	static
../app/lora/lora_app.c:1284:6:lora_instance_deinit	8	static
../app/lora/lora_app.c:1405:7:lora_start_rover	8	static
