../app/gsm/lte_init.c:44:6:lte_set_gsm_handle	16	static
../app/gsm/lte_init.c:49:6:lte_set_network_check_timer	16	static
../app/gsm/lte_init.c:56:18:lte_get_init_state	4	static
../app/gsm/lte_init.c:61:9:lte_get_retry_count	4	static
../app/gsm/lte_init.c:66:13:lte_init_fail_with_retry	24	static
../app/gsm/lte_init.c:113:6:lte_init_start	16	static
../app/gsm/lte_init.c:133:13:lte_at_test_callback	24	static
../app/gsm/lte_init.c:153:13:lte_echo_off_callback	24	static
../app/gsm/lte_init.c:173:13:lte_cmee_set_callback	24	static
../app/gsm/lte_init.c:191:13:lte_qisde_off_callback	24	static
../app/gsm/lte_init.c:204:13:lte_airplane_ctrl_set_callback	32	static
../app/gsm/lte_init.c:221:13:lte_cpin_check_callback	72	static
../app/gsm/lte_init.c:251:13:lte_apn_set_callback	24	static
../app/gsm/lte_init.c:267:13:lte_apn_verify_callback	48	static
../app/gsm/lte_init.c:304:13:lte_network_check_callback	48	static
../app/gsm/lte_init.c:363:6:lte_network_check_timer_callback	24	static
../app/gsm/lte_init.c:373:13:lte_keepalive_set_callback	32	static
../app/gsm/lte_init.c:387:6:lte_reinit_from_apn	56	static
../app/gsm/lte_init.c:407:6:lte_reset_state	280	static
