../Drivers/CMSIS/Include/core_cm4.h:2102:26:__NVIC_GetPriorityGrouping	4	static
../Drivers/CMSIS/Include/core_cm4.h:2113:22:__NVIC_EnableIRQ	16	static,ignoring_inline_asm
../Drivers/CMSIS/Include/core_cm4.h:2228:22:__NVIC_SetPriority	16	static
../Drivers/CMSIS/Include/core_cm4.h:2267:26:NVIC_EncodePriority	40	static
../Drivers/STM32F4xx_HAL_Driver/Inc/stm32f4xx_ll_bus.h:410:22:LL_AHB1_GRP1_EnableClock	24	static
../Drivers/STM32F4xx_HAL_Driver/Inc/stm32f4xx_ll_bus.h:1165:22:LL_APB1_GRP1_EnableClock	24	static
../Drivers/STM32F4xx_HAL_Driver/Inc/stm32f4xx_ll_dma.h:645:22:LL_DMA_EnableStream	16	static
../Drivers/STM32F4xx_HAL_Driver/Inc/stm32f4xx_ll_dma.h:763:22:LL_DMA_SetDataTransferDirection	24	static
../Drivers/STM32F4xx_HAL_Driver/Inc/stm32f4xx_ll_dma.h:818:22:LL_DMA_SetMode	24	static
../Drivers/STM32F4xx_HAL_Driver/Inc/stm32f4xx_ll_dma.h:870:22:LL_DMA_SetPeriphIncMode	24	static
../Drivers/STM32F4xx_HAL_Driver/Inc/stm32f4xx_ll_dma.h:921:22:LL_DMA_SetMemoryIncMode	24	static
../Drivers/STM32F4xx_HAL_Driver/Inc/stm32f4xx_ll_dma.h:973:22:LL_DMA_SetPeriphSize	24	static
../Drivers/STM32F4xx_HAL_Driver/Inc/stm32f4xx_ll_dma.h:1026:22:LL_DMA_SetMemorySize	24	static
../Drivers/STM32F4xx_HAL_Driver/Inc/stm32f4xx_ll_dma.h:1131:22:LL_DMA_SetStreamPriorityLevel	24	static
../Drivers/STM32F4xx_HAL_Driver/Inc/stm32f4xx_ll_dma.h:1185:22:LL_DMA_SetDataLength	24	static
../Drivers/STM32F4xx_HAL_Driver/Inc/stm32f4xx_ll_dma.h:1210:26:LL_DMA_GetDataLength	16	static
../Drivers/STM32F4xx_HAL_Driver/Inc/stm32f4xx_ll_dma.h:1242:22:LL_DMA_SetChannelSelection	24	static
../Drivers/STM32F4xx_HAL_Driver/Inc/stm32f4xx_ll_dma.h:1535:22:LL_DMA_DisableFifoMode	16	static
../Drivers/STM32F4xx_HAL_Driver/Inc/stm32f4xx_ll_dma.h:1723:22:LL_DMA_SetMemoryAddress	24	static
../Drivers/STM32F4xx_HAL_Driver/Inc/stm32f4xx_ll_dma.h:1750:22:LL_DMA_SetPeriphAddress	24	static
../Drivers/STM32F4xx_HAL_Driver/Inc/stm32f4xx_ll_dma.h:2014:26:LL_DMA_IsActiveFlag_HT5	16	static
../Drivers/STM32F4xx_HAL_Driver/Inc/stm32f4xx_ll_dma.h:2094:26:LL_DMA_IsActiveFlag_TC5	16	static
../Drivers/STM32F4xx_HAL_Driver/Inc/stm32f4xx_ll_dma.h:2174:26:LL_DMA_IsActiveFlag_TE5	16	static
../Drivers/STM32F4xx_HAL_Driver/Inc/stm32f4xx_ll_dma.h:2254:26:LL_DMA_IsActiveFlag_DME5	16	static
../Drivers/STM32F4xx_HAL_Driver/Inc/stm32f4xx_ll_dma.h:2334:26:LL_DMA_IsActiveFlag_FE5	16	static
../Drivers/STM32F4xx_HAL_Driver/Inc/stm32f4xx_ll_dma.h:2414:22:LL_DMA_ClearFlag_HT5	16	static
../Drivers/STM32F4xx_HAL_Driver/Inc/stm32f4xx_ll_dma.h:2494:22:LL_DMA_ClearFlag_TC5	16	static
../Drivers/STM32F4xx_HAL_Driver/Inc/stm32f4xx_ll_dma.h:2574:22:LL_DMA_ClearFlag_TE5	16	static
../Drivers/STM32F4xx_HAL_Driver/Inc/stm32f4xx_ll_dma.h:2654:22:LL_DMA_ClearFlag_DME5	16	static
../Drivers/STM32F4xx_HAL_Driver/Inc/stm32f4xx_ll_dma.h:2734:22:LL_DMA_ClearFlag_FE5	16	static
../Drivers/STM32F4xx_HAL_Driver/Inc/stm32f4xx_ll_dma.h:2781:22:LL_DMA_EnableIT_HT	16	static
../Drivers/STM32F4xx_HAL_Driver/Inc/stm32f4xx_ll_dma.h:2803:22:LL_DMA_EnableIT_TE	16	static
../Drivers/STM32F4xx_HAL_Driver/Inc/stm32f4xx_ll_dma.h:2825:22:LL_DMA_EnableIT_TC	16	static
../Drivers/STM32F4xx_HAL_Driver/Inc/stm32f4xx_ll_dma.h:2847:22:LL_DMA_EnableIT_DME	16	static
../Drivers/STM32F4xx_HAL_Driver/Inc/stm32f4xx_ll_dma.h:2869:22:LL_DMA_EnableIT_FE	16	static
../Drivers/STM32F4xx_HAL_Driver/Inc/stm32f4xx_ll_usart.h:503:22:LL_USART_Enable	16	static
../Drivers/STM32F4xx_HAL_Driver/Inc/stm32f4xx_ll_usart.h:1571:22:LL_USART_ConfigAsyncMode	16	static
../Drivers/STM32F4xx_HAL_Driver/Inc/stm32f4xx_ll_usart.h:1834:26:LL_USART_IsActiveFlag_PE	16	static
../Drivers/STM32F4xx_HAL_Driver/Inc/stm32f4xx_ll_usart.h:1844:26:LL_USART_IsActiveFlag_FE	16	static
../Drivers/STM32F4xx_HAL_Driver/Inc/stm32f4xx_ll_usart.h:1854:26:LL_USART_IsActiveFlag_NE	16	static
../Drivers/STM32F4xx_HAL_Driver/Inc/stm32f4xx_ll_usart.h:1865:1:LL_USART_IsActiveFlag_ORE	16	static
../Drivers/STM32F4xx_HAL_Driver/Inc/stm32f4xx_ll_usart.h:1876:1:LL_USART_IsActiveFlag_IDLE	16	static
../Drivers/STM32F4xx_HAL_Driver/Inc/stm32f4xx_ll_usart.h:1897:26:LL_USART_IsActiveFlag_TC	16	static
../Drivers/STM32F4xx_HAL_Driver/Inc/stm32f4xx_ll_usart.h:1908:1:LL_USART_IsActiveFlag_TXE	16	static
../Drivers/STM32F4xx_HAL_Driver/Inc/stm32f4xx_ll_usart.h:1970:22:LL_USART_ClearFlag_PE	24	static
../Drivers/STM32F4xx_HAL_Driver/Inc/stm32f4xx_ll_usart.h:1988:22:LL_USART_ClearFlag_FE	24	static
../Drivers/STM32F4xx_HAL_Driver/Inc/stm32f4xx_ll_usart.h:2006:22:LL_USART_ClearFlag_NE	24	static
../Drivers/STM32F4xx_HAL_Driver/Inc/stm32f4xx_ll_usart.h:2024:22:LL_USART_ClearFlag_ORE	24	static
../Drivers/STM32F4xx_HAL_Driver/Inc/stm32f4xx_ll_usart.h:2042:22:LL_USART_ClearFlag_IDLE	24	static
../Drivers/STM32F4xx_HAL_Driver/Inc/stm32f4xx_ll_usart.h:2108:22:LL_USART_EnableIT_IDLE	40	static,ignoring_inline_asm
../Drivers/STM32F4xx_HAL_Driver/Inc/stm32f4xx_ll_usart.h:2148:22:LL_USART_EnableIT_PE	40	static,ignoring_inline_asm
../Drivers/STM32F4xx_HAL_Driver/Inc/stm32f4xx_ll_usart.h:2174:22:LL_USART_EnableIT_ERROR	40	static,ignoring_inline_asm
../Drivers/STM32F4xx_HAL_Driver/Inc/stm32f4xx_ll_usart.h:2381:22:LL_USART_EnableDMAReq_RX	40	static,ignoring_inline_asm
../Drivers/STM32F4xx_HAL_Driver/Inc/stm32f4xx_ll_usart.h:2485:22:LL_USART_TransmitData8	16	static
../app/gps/gps_port.c:26:13:gps_dma_process_data	32	static,ignoring_inline_asm
../app/gps/gps_port.c:68:13:gps_uart2_init	64	static
../app/gps/gps_port.c:141:13:gps_uart2_dma_init	16	static
../app/gps/gps_port.c:158:5:gps_rtk_uart2_init	8	static
../app/gps/gps_port.c:170:6:gps_uart2_comm_start	8	static
../app/gps/gps_port.c:196:6:gps_rtk_gpio_start	8	static
../app/gps/gps_port.c:202:5:gps_rtk_reset	8	static
../app/gps/gps_port.c:215:5:gps_rtk_start	8	static
../app/gps/gps_port.c:223:5:gps_uart2_send	24	static
../app/gps/gps_port.c:250:6:USART2_IRQHandler	8	static
../app/gps/gps_port.c:278:6:DMA1_Stream5_IRQHandler	8	static
../app/gps/gps_port.c:310:5:gps_port_init	16	static
../app/gps/gps_port.c:331:6:gps_port_start	16	static
../app/gps/gps_port.c:345:6:gps_port_stop	16	static
../app/gps/gps_port.c:356:6:gps_port_cleanup	4	static
