../Drivers/CMSIS/Include/core_cm4.h:2356:34:__NVIC_SystemReset	4	static,ignoring_inline_asm
../app/rs485/rs485_cmd.c:72:13:base_init_complete	32	static
../app/rs485/rs485_cmd.c:80:6:rs485_at_cmd_handler	24	static
../app/rs485/rs485_cmd.c:94:13:at_handler	24	static
../app/rs485/rs485_cmd.c:99:13:atz_handler	16	static
../app/rs485/rs485_cmd.c:113:13:atandz_handler	24	static
../app/rs485/rs485_cmd.c:131:13:at_ver_handler	40	static
../app/rs485/rs485_cmd.c:138:13:at_gps_manuf_handler	48	static
../app/rs485/rs485_cmd.c:160:13:at_read_config_handler	368	static
../app/rs485/rs485_cmd.c:183:13:at_set_baseline_handler	32	static
../app/rs485/rs485_cmd.c:200:13:at_set_ntrip_ip_handler	192	static
../app/rs485/rs485_cmd.c:237:13:at_set_ntrip_id_handler	136	static
../app/rs485/rs485_cmd.c:261:13:at_set_ntrip_mountpoint_handler	88	static
../app/rs485/rs485_cmd.c:271:13:at_set_ntrip_passwd_handler	120	static
../app/rs485/rs485_cmd.c:282:13:at_set_rtk_start_handler	32	static
../app/rs485/rs485_cmd.c:328:13:at_set_rtk_stop_handler	32	static
../app/rs485/rs485_cmd.c:371:13:at_save_handler	32	static
